// Jest Snapshot v1, https://goo.gl/fbAQLP

exports[`to match snapshot 1`] = `
<div
  className="reviewModal"
  id="addReviewModal"
>
  <button
    className="closeModal"
    id="closeModal"
    onClick={[Function]}
  >
    X
  </button>
  <h2
    id="addReviewTitle"
  >
    Write your review
  </h2>
  <h3
    id="addReviewSubtitle"
  >
    About the Product
  </h3>
  <span
    className="notice"
  >
    fields marked with * are required
  </span>
  <form
    className="addReview"
    onChange={[Function]}
    onSubmit={[Function]}
  >
    <div
      id="overallRating"
    >
      <label>
        * Overall rating:
      </label>
      <input
        checked={false}
        onChange={[Function]}
        type="radio"
        value="1"
      />
      <input
        checked={false}
        onChange={[Function]}
        type="radio"
        value="2"
      />
      <input
        checked={false}
        onChange={[Function]}
        type="radio"
        value="3"
      />
      <input
        checked={false}
        onChange={[Function]}
        type="radio"
        value="4"
      />
      <input
        checked={false}
        onChange={[Function]}
        type="radio"
        value="5"
      />
      <span>
        
      </span>
    </div>
    <div
      id="recommend"
    >
      <label>
         * Do you recommend this product?
      </label>
      <label>
         Yes
      </label>
      <input
        checked={false}
        onChange={[Function]}
        type="radio"
        value="yes"
      />
      <label>
         No
      </label>
      <input
        checked={false}
        onChange={[Function]}
        type="radio"
        value="no"
      />
    </div>
    <div
      id="characteristics"
    >
      <div
        id="characteristic"
      >
        <span>
          none selected
        </span>
        <label
          className="characteristicLabel"
          htmlFor="characteristics"
        >
          Size
        </label>
        <input
          checked={false}
          className="radioButtonSpread"
          onChange={[Function]}
          type="radio"
          value="1"
        />
        <input
          checked={false}
          className="radioButtonSpread"
          onChange={[Function]}
          type="radio"
          value="2"
        />
        <input
          checked={false}
          className="radioButtonSpread"
          onChange={[Function]}
          type="radio"
          value="3"
        />
        <input
          checked={false}
          className="radioButtonSpread"
          onChange={[Function]}
          type="radio"
          value="4"
        />
        <input
          checked={false}
          className="radioButtonSpread"
          onChange={[Function]}
          type="radio"
          value="5"
        />
      </div>
      <div
        className="radioMeaning"
      >
        <span
          className="leftMeaning"
        >
          Too small
        </span>
         
        <span
          className="rightmeaning"
        >
          Too large
        </span>
      </div>
      <div
        id="characteristic"
      >
        <span>
          none selected
        </span>
        <label
          className="characteristicLabel"
          htmlFor="characteristics"
        >
          Width
        </label>
        <input
          checked={false}
          className="radioButtonSpread"
          onChange={[Function]}
          type="radio"
          value="1"
        />
        <input
          checked={false}
          className="radioButtonSpread"
          onChange={[Function]}
          type="radio"
          value="2"
        />
        <input
          checked={false}
          className="radioButtonSpread"
          onChange={[Function]}
          type="radio"
          value="3"
        />
        <input
          checked={false}
          className="radioButtonSpread"
          onChange={[Function]}
          type="radio"
          value="4"
        />
        <input
          checked={false}
          className="radioButtonSpread"
          onChange={[Function]}
          type="radio"
          value="5"
        />
      </div>
      <div
        className="radioMeaning"
      >
        <span
          className="leftMeaning"
        >
          Too narrow
        </span>
         
        <span
          className="rightmeaning"
        >
          Too wide
        </span>
      </div>
      <div
        id="characteristic"
      >
        <span>
          none selected
        </span>
        <label
          className="characteristicLabel"
          htmlFor="characteristics"
        >
          Length
        </label>
        <input
          checked={false}
          className="radioButtonSpread"
          onChange={[Function]}
          type="radio"
          value="1"
        />
        <input
          checked={false}
          className="radioButtonSpread"
          onChange={[Function]}
          type="radio"
          value="2"
        />
        <input
          checked={false}
          className="radioButtonSpread"
          onChange={[Function]}
          type="radio"
          value="3"
        />
        <input
          checked={false}
          className="radioButtonSpread"
          onChange={[Function]}
          type="radio"
          value="4"
        />
        <input
          checked={false}
          className="radioButtonSpread"
          onChange={[Function]}
          type="radio"
          value="5"
        />
      </div>
      <div
        className="radioMeaning"
      >
        <span
          className="leftMeaning"
        >
          Too short
        </span>
         
        <span
          className="rightmeaning"
        >
          Too long
        </span>
      </div>
      <div
        id="characteristic"
      >
        <span>
          none selected
        </span>
        <label
          className="characteristicLabel"
          htmlFor="characteristics"
        >
          Fit
        </label>
        <input
          checked={false}
          className="radioButtonSpread"
          onChange={[Function]}
          type="radio"
          value="1"
        />
        <input
          checked={false}
          className="radioButtonSpread"
          onChange={[Function]}
          type="radio"
          value="2"
        />
        <input
          checked={false}
          className="radioButtonSpread"
          onChange={[Function]}
          type="radio"
          value="3"
        />
        <input
          checked={false}
          className="radioButtonSpread"
          onChange={[Function]}
          type="radio"
          value="4"
        />
        <input
          checked={false}
          className="radioButtonSpread"
          onChange={[Function]}
          type="radio"
          value="5"
        />
      </div>
      <div
        className="radioMeaning"
      >
        <span
          className="leftMeaning"
        >
          Too tight
        </span>
         
        <span
          className="rightmeaning"
        >
          Too loose
        </span>
      </div>
      <div
        id="characteristic"
      >
        <span>
          none selected
        </span>
        <label
          className="characteristicLabel"
          htmlFor="characteristics"
        >
          Quality
        </label>
        <input
          checked={false}
          className="radioButtonSpread"
          onChange={[Function]}
          type="radio"
          value="1"
        />
        <input
          checked={false}
          className="radioButtonSpread"
          onChange={[Function]}
          type="radio"
          value="2"
        />
        <input
          checked={false}
          className="radioButtonSpread"
          onChange={[Function]}
          type="radio"
          value="3"
        />
        <input
          checked={false}
          className="radioButtonSpread"
          onChange={[Function]}
          type="radio"
          value="4"
        />
        <input
          checked={false}
          className="radioButtonSpread"
          onChange={[Function]}
          type="radio"
          value="5"
        />
      </div>
      <div
        className="radioMeaning"
      >
        <span
          className="leftMeaning"
        >
          Poor
        </span>
         
        <span
          className="rightmeaning"
        >
          Perfect
        </span>
      </div>
      <div
        id="characteristic"
      >
        <span>
          none selected
        </span>
        <label
          className="characteristicLabel"
          htmlFor="characteristics"
        >
          Comfort
        </label>
        <input
          checked={false}
          className="radioButtonSpread"
          onChange={[Function]}
          type="radio"
          value="1"
        />
        <input
          checked={false}
          className="radioButtonSpread"
          onChange={[Function]}
          type="radio"
          value="2"
        />
        <input
          checked={false}
          className="radioButtonSpread"
          onChange={[Function]}
          type="radio"
          value="3"
        />
        <input
          checked={false}
          className="radioButtonSpread"
          onChange={[Function]}
          type="radio"
          value="4"
        />
        <input
          checked={false}
          className="radioButtonSpread"
          onChange={[Function]}
          type="radio"
          value="5"
        />
      </div>
      <div
        className="radioMeaning"
      >
        <span
          className="leftMeaning"
        >
          Uncomfortable
        </span>
         
        <span
          className="rightmeaning"
        >
          Perfect
        </span>
      </div>
    </div>
    <label
      htmlFor="summary"
      id="reviewSummaryLabel"
    >
      Summary:
      <textarea
        cols={50}
        id="summary"
        max="60"
        min="1"
        name="summary"
        placeholder="ex: Best purchase ever"
        rows={3}
        type="textarea"
      />
    </label>
    <label
      htmlFor="body"
      id="reviewBodyLabel"
    >
      * Review body
      <textarea
        cols={50}
        id="reviewBody"
        maxLength="1000"
        min="50"
        name="reviewBody"
        placeholder="Why did you like the product, or why not?"
        rows={5}
      />
    </label>
    <label
      htmlFor="photos"
      id="reviewPhotosLabel"
    >
      Upload photos
      <input
        id="fileInput"
        multiple={true}
        name="files"
        onChange={[Function]}
        type="file"
      />
    </label>
    <label
      htmlFor="nickname"
      id="reviewNicknameLabel"
    >
      * what is your nickname
      <input
        id="nickname"
        max="60"
        min="3"
        name="nickname"
        placeholder="ex: jackson11"
        type="text"
      />
    </label>
    <div
      className="notice"
      id="reviewNicknameNotice"
    >
      For privacy reasons, do not use your full name or email address
    </div>
    <label
      htmlFor="email"
      id="reviewEmailLabel"
    >
       what is your email address?
      <input
        id="email"
        max="60"
        min="3"
        name="email"
        placeholder="ex: jackson11@email.com"
        type="text"
      />
    </label>
    <div
      className="notice"
      id="reviewEmailNotice"
    >
      For authentication reasons, you will not be emailed
    </div>
    <button
      id="submitReviewButton"
      onClick={[Function]}
    >
      Submit review
    </button>
  </form>
</div>
`;
